
========================================================================

** ELF Header Information

    File Name: div_test.axf

    Machine class: ELFCLASS32 (32-bit)
    Data encoding: ELFDATA2LSB (Little endian)
    Header version: EV_CURRENT (Current version)
    Operating System ABI: none
    ABI Version: 0
    File Type: ET_EXEC (Executable) (2)
    Machine: EM_ARM (ARM)

    Image Entry point: 0x00000291
    Flags: EF_ARM_HASENTRY (0x05000002)

    ARM ELF revision: 5 (ABI version 2)

    Built with
    ARM C/C++ Compiler, 4.1 [Build 644]
    ARM Assembler, 4.1 [Build 644]
    ARM Linker, 4.1 [Build 644] 

    Header size: 52 bytes (0x34)
    Program header entry size: 32 bytes (0x20)
    Section header entry size: 40 bytes (0x28)

    Program header entries: 1
    Section header entries: 16

    Program header offset: 24480 (0x00005fa0)
    Section header offset: 24512 (0x00005fc0)

    Section header string table index: 15

========================================================================

** Program header #0 (PT_LOAD) [PF_X + PF_W + PF_R + PF_ARM_ENTRY]
    Size : 2996 bytes (1872 bytes in file)
    Virtual address: 0x00000000 (Alignment 8)


========================================================================

** Section #1 'ER_RO' (SHT_PROGBITS) [SHF_ALLOC + SHF_EXECINSTR]
    Size   : 1868 bytes (alignment 4)
    Address: 0x00000000

    $d.realdata
    RESET
    __Vectors
        0x00000000:    20000468    h..     DCD    536872040
        0x00000004:    00000291    ....    DCD    657
        0x00000008:    00000299    ....    DCD    665
        0x0000000c:    0000029b    ....    DCD    667
        0x00000010:    00000000    ....    DCD    0
        0x00000014:    00000000    ....    DCD    0
        0x00000018:    00000000    ....    DCD    0
        0x0000001c:    00000000    ....    DCD    0
        0x00000020:    00000000    ....    DCD    0
        0x00000024:    00000000    ....    DCD    0
        0x00000028:    00000000    ....    DCD    0
        0x0000002c:    0000029d    ....    DCD    669
        0x00000030:    00000000    ....    DCD    0
        0x00000034:    00000000    ....    DCD    0
        0x00000038:    0000029f    ....    DCD    671
        0x0000003c:    000002a1    ....    DCD    673
        0x00000040:    000002a3    ....    DCD    675
        0x00000044:    000002a3    ....    DCD    675
        0x00000048:    000002a3    ....    DCD    675
        0x0000004c:    000002a3    ....    DCD    675
        0x00000050:    000002a3    ....    DCD    675
        0x00000054:    000002a3    ....    DCD    675
        0x00000058:    000002a3    ....    DCD    675
        0x0000005c:    000002a3    ....    DCD    675
        0x00000060:    000002a3    ....    DCD    675
        0x00000064:    000002a3    ....    DCD    675
        0x00000068:    000002a3    ....    DCD    675
        0x0000006c:    000002a3    ....    DCD    675
        0x00000070:    000002a3    ....    DCD    675
        0x00000074:    000002a3    ....    DCD    675
        0x00000078:    000002a3    ....    DCD    675
        0x0000007c:    000002a3    ....    DCD    675
        0x00000080:    000002a3    ....    DCD    675
        0x00000084:    000002a3    ....    DCD    675
        0x00000088:    000002a3    ....    DCD    675
        0x0000008c:    000002a3    ....    DCD    675
        0x00000090:    000002a3    ....    DCD    675
        0x00000094:    000002a3    ....    DCD    675
        0x00000098:    000002a3    ....    DCD    675
        0x0000009c:    000002a3    ....    DCD    675
        0x000000a0:    000002a3    ....    DCD    675
        0x000000a4:    000002a3    ....    DCD    675
        0x000000a8:    000002a3    ....    DCD    675
        0x000000ac:    000002a3    ....    DCD    675
        0x000000b0:    000002a3    ....    DCD    675
        0x000000b4:    000002a3    ....    DCD    675
        0x000000b8:    000002a3    ....    DCD    675
        0x000000bc:    000002a3    ....    DCD    675
    $t
    !!!main
    __Vectors_End
    __main
        0x000000c0:    f000f802    ....    BL       __scatterload ; 0xc8
        0x000000c4:    f000f84d    ..M.    BL       __rt_entry ; 0x162
    !!!scatter
    __scatterload
    __scatterload_rt2
    __scatterload_rt2_thumb_only
        0x000000c8:    a00c        ..      ADR      r0,{pc}+0x34 ; 0xfc
        0x000000ca:    c830        0.      LDM      r0!,{r4,r5}
        0x000000cc:    3808        .8      SUBS     r0,r0,#8
        0x000000ce:    1824        $.      ADDS     r4,r4,r0
        0x000000d0:    182d        -.      ADDS     r5,r5,r0
        0x000000d2:    46a2        .F      MOV      r10,r4
        0x000000d4:    1e67        g.      SUBS     r7,r4,#1
        0x000000d6:    46ab        .F      MOV      r11,r5
    __scatterload_null
        0x000000d8:    4654        TF      MOV      r4,r10
        0x000000da:    465d        ]F      MOV      r5,r11
        0x000000dc:    42ac        .B      CMP      r4,r5
        0x000000de:    d101        ..      BNE      0xe4 ; __scatterload_null + 12
        0x000000e0:    f000f83f    ..?.    BL       __rt_entry ; 0x162
        0x000000e4:    467e        ~F      MOV      r6,pc
        0x000000e6:    3e0f        .>      SUBS     r6,r6,#0xf
        0x000000e8:    cc0f        ..      LDM      r4!,{r0-r3}
        0x000000ea:    46b6        .F      MOV      lr,r6
        0x000000ec:    2601        .&      MOVS     r6,#1
        0x000000ee:    4233        3B      TST      r3,r6
        0x000000f0:    d000        ..      BEQ      0xf4 ; __scatterload_null + 28
        0x000000f2:    1afb        ..      SUBS     r3,r7,r3
        0x000000f4:    46a2        .F      MOV      r10,r4
        0x000000f6:    46ab        .F      MOV      r11,r5
        0x000000f8:    4333        3C      ORRS     r3,r3,r6
        0x000000fa:    4718        .G      BX       r3
    $d
        0x000000fc:    00000630    0...    DCD    1584
        0x00000100:    00000650    P...    DCD    1616
    $t
    !!handler_copy
    __scatterload_copy
        0x00000104:    3a10        .:      SUBS     r2,r2,#0x10
        0x00000106:    d302        ..      BCC      0x10e ; __scatterload_copy + 10
        0x00000108:    c878        x.      LDM      r0!,{r3-r6}
        0x0000010a:    c178        x.      STM      r1!,{r3-r6}
        0x0000010c:    d8fa        ..      BHI      __scatterload_copy ; 0x104
        0x0000010e:    0752        R.      LSLS     r2,r2,#29
        0x00000110:    d301        ..      BCC      0x116 ; __scatterload_copy + 18
        0x00000112:    c830        0.      LDM      r0!,{r4,r5}
        0x00000114:    c130        0.      STM      r1!,{r4,r5}
        0x00000116:    d501        ..      BPL      0x11c ; __scatterload_copy + 24
        0x00000118:    6804        .h      LDR      r4,[r0,#0]
        0x0000011a:    600c        .`      STR      r4,[r1,#0]
        0x0000011c:    4770        pG      BX       lr
        0x0000011e:    0000        ..      MOVS     r0,r0
    !!handler_zi
    __scatterload_zeroinit
        0x00000120:    2300        .#      MOVS     r3,#0
        0x00000122:    2400        .$      MOVS     r4,#0
        0x00000124:    2500        .%      MOVS     r5,#0
        0x00000126:    2600        .&      MOVS     r6,#0
        0x00000128:    3a10        .:      SUBS     r2,r2,#0x10
        0x0000012a:    d301        ..      BCC      0x130 ; __scatterload_zeroinit + 16
        0x0000012c:    c178        x.      STM      r1!,{r3-r6}
        0x0000012e:    d8fb        ..      BHI      0x128 ; __scatterload_zeroinit + 8
        0x00000130:    0752        R.      LSLS     r2,r2,#29
        0x00000132:    d300        ..      BCC      0x136 ; __scatterload_zeroinit + 22
        0x00000134:    c130        0.      STM      r1!,{r4,r5}
        0x00000136:    d500        ..      BPL      0x13a ; __scatterload_zeroinit + 26
        0x00000138:    600b        .`      STR      r3,[r1,#0]
        0x0000013a:    4770        pG      BX       lr
    .ARM.Collect$$_printf_percent$$00000000
    _printf_percent
        0x0000013c:    b510        ..      PUSH     {r4,lr}
    .ARM.Collect$$_printf_percent$$00000009
    _printf_d
        0x0000013e:    2964        d)      CMP      r1,#0x64
        0x00000140:    d102        ..      BNE      _printf_x ; 0x148
        0x00000142:    f000f915    ....    BL       _printf_int_dec ; 0x370
        0x00000146:    bd10        ..      POP      {r4,pc}
    .ARM.Collect$$_printf_percent$$0000000C
    _printf_x
        0x00000148:    2978        x)      CMP      r1,#0x78
        0x0000014a:    d102        ..      BNE      _printf_percent_end ; 0x152
        0x0000014c:    f000f946    ..F.    BL       _printf_int_hex ; 0x3dc
        0x00000150:    bd10        ..      POP      {r4,pc}
    .ARM.Collect$$_printf_percent$$00000017
    _printf_percent_end
        0x00000152:    2000        .       MOVS     r0,#0
        0x00000154:    bd10        ..      POP      {r4,pc}
    .ARM.Collect$$libinit$$00000000
    __rt_lib_init
        0x00000156:    b51f        ..      PUSH     {r0-r4,lr}
        0x00000158:    46c0        .F      MOV      r8,r8
        0x0000015a:    46c0        .F      MOV      r8,r8
    .ARM.Collect$$libinit$$00000006
    .ARM.Collect$$libinit$$00000008
    .ARM.Collect$$libinit$$0000000A
    .ARM.Collect$$libinit$$0000000D
    .ARM.Collect$$libinit$$0000000F
    .ARM.Collect$$libinit$$00000011
    .ARM.Collect$$libinit$$00000013
    .ARM.Collect$$libinit$$00000015
    .ARM.Collect$$libinit$$00000017
    .ARM.Collect$$libinit$$00000019
    .ARM.Collect$$libinit$$0000001B
    .ARM.Collect$$libinit$$0000001D
    .ARM.Collect$$libinit$$0000001F
    .ARM.Collect$$libinit$$00000021
    .ARM.Collect$$libinit$$00000028
    .ARM.Collect$$libinit$$0000002A
    .ARM.Collect$$libinit$$0000002C
    .ARM.Collect$$libinit$$0000002E
    .ARM.Collect$$libinit$$0000002F
    __rt_lib_init_alloca_1
    __rt_lib_init_argv_1
    __rt_lib_init_atexit_1
    __rt_lib_init_clock_1
    __rt_lib_init_cpp_1
    __rt_lib_init_exceptions_1
    __rt_lib_init_fp_trap_1
    __rt_lib_init_getenv_1
    __rt_lib_init_heap_1
    __rt_lib_init_lc_collate_1
    __rt_lib_init_lc_ctype_1
    __rt_lib_init_lc_monetary_1
    __rt_lib_init_lc_numeric_1
    __rt_lib_init_lc_time_1
    __rt_lib_init_rand_1
    __rt_lib_init_return
    __rt_lib_init_signal_1
    __rt_lib_init_stdio_1
    __rt_lib_init_user_alloc_1
        0x0000015c:    bd1f        ..      POP      {r0-r4,pc}
    .ARM.Collect$$libshutdown$$00000000
    __rt_lib_shutdown
        0x0000015e:    b510        ..      PUSH     {r4,lr}
    .ARM.Collect$$libshutdown$$00000003
    .ARM.Collect$$libshutdown$$00000006
    .ARM.Collect$$libshutdown$$00000009
    .ARM.Collect$$libshutdown$$0000000B
    .ARM.Collect$$libshutdown$$0000000E
    .ARM.Collect$$libshutdown$$0000000F
    __rt_lib_shutdown_fp_trap_1
    __rt_lib_shutdown_heap_1
    __rt_lib_shutdown_return
    __rt_lib_shutdown_signal_1
    __rt_lib_shutdown_stdio_1
    __rt_lib_shutdown_user_alloc_1
        0x00000160:    bd10        ..      POP      {r4,pc}
    .ARM.Collect$$rtentry$$00000000
    .ARM.Collect$$rtentry$$00000002
    .ARM.Collect$$rtentry$$00000004
    __rt_entry
    __rt_entry_presh_1
    __rt_entry_sh
        0x00000162:    f000faab    ....    BL       __user_setup_stackheap ; 0x6bc
        0x00000166:    4611        .F      MOV      r1,r2
    .ARM.Collect$$rtentry$$00000009
    .ARM.Collect$$rtentry$$0000000A
    __rt_entry_li
    __rt_entry_postsh_1
        0x00000168:    f7fffff5    ....    BL       __rt_lib_init ; 0x156
    .ARM.Collect$$rtentry$$0000000C
    .ARM.Collect$$rtentry$$0000000D
    __rt_entry_main
    __rt_entry_postli_1
        0x0000016c:    f000f808    ....    BL       main ; 0x180
        0x00000170:    f000f8bd    ....    BL       exit ; 0x2ee
    .ARM.Collect$$rtexit$$00000000
    __rt_exit
        0x00000174:    b403        ..      PUSH     {r0,r1}
    .ARM.Collect$$rtexit$$00000002
    .ARM.Collect$$rtexit$$00000003
    __rt_exit_ls
    __rt_exit_prels_1
        0x00000176:    f7fffff2    ....    BL       __rt_lib_shutdown ; 0x15e
    .ARM.Collect$$rtexit$$00000004
    __rt_exit_exit
        0x0000017a:    bc03        ..      POP      {r0,r1}
        0x0000017c:    f000f881    ....    BL       _sys_exit ; 0x282
    .text
    main
        0x00000180:    b51c        ..      PUSH     {r2-r4,lr}
        0x00000182:    4c10        .L      LDR      r4,[pc,#64] ; [0x1c4] = 0x1c200
        0x00000184:    2604        .&      MOVS     r6,#4
        0x00000186:    4f10        .O      LDR      r7,[pc,#64] ; [0x1c8] = 0xfffffffd
        0x00000188:    2000        .       MOVS     r0,#0
        0x0000018a:    9001        ..      STR      r0,[sp,#4]
        0x0000018c:    4639        9F      MOV      r1,r7
        0x0000018e:    4630        0F      MOV      r0,r6
        0x00000190:    f000f95a    ..Z.    BL       __aeabi_idiv ; 0x448
        0x00000194:    9001        ..      STR      r0,[sp,#4]
        0x00000196:    a00d        ..      ADR      r0,{pc}+0x36 ; 0x1cc
        0x00000198:    9901        ..      LDR      r1,[sp,#4]
        0x0000019a:    f000f897    ....    BL       __2printf ; 0x2cc
        0x0000019e:    00e1        ..      LSLS     r1,r4,#3
        0x000001a0:    480d        .H      LDR      r0,[pc,#52] ; [0x1d8] = 0x1dcd6500
        0x000001a2:    f000f951    ..Q.    BL       __aeabi_idiv ; 0x448
        0x000001a6:    1f40        @.      SUBS     r0,r0,#5
        0x000001a8:    210a        .!      MOVS     r1,#0xa
        0x000001aa:    9000        ..      STR      r0,[sp,#0]
        0x000001ac:    f000f94c    ..L.    BL       __aeabi_idiv ; 0x448
        0x000001b0:    4605        .F      MOV      r5,r0
        0x000001b2:    4629        )F      MOV      r1,r5
        0x000001b4:    a009        ..      ADR      r0,{pc}+0x28 ; 0x1dc
        0x000001b6:    f000f889    ....    BL       __2printf ; 0x2cc
        0x000001ba:    207e        ~       MOVS     r0,#0x7e
        0x000001bc:    f000f82e    ....    BL       uartSendByte ; 0x21c
        0x000001c0:    bf00        ..      NOP      
        0x000001c2:    e7fe        ..      B        0x1c2 ; main + 66
    $d
        0x000001c4:    0001c200    ....    DCD    115200
        0x000001c8:    fffffffd    ....    DCD    4294967293
        0x000001cc:    203d206e    n =     DCD    540876910
        0x000001d0:    0a2e6425    %d..    DCD    170812453
        0x000001d4:    00000000    ....    DCD    0
        0x000001d8:    1dcd6500    .e..    DCD    500000000
        0x000001dc:    0a2e7825    %x..    DCD    170817573
        0x000001e0:    00000000    ....    DCD    0
    $t
    .text
    uartInit
        0x000001e4:    b570        p.      PUSH     {r4-r6,lr}
        0x000001e6:    4604        .F      MOV      r4,r0
        0x000001e8:    2503        .%      MOVS     r5,#3
        0x000001ea:    2600        .&      MOVS     r6,#0
        0x000001ec:    00e1        ..      LSLS     r1,r4,#3
        0x000001ee:    481a        .H      LDR      r0,[pc,#104] ; [0x258] = 0x2faf080
        0x000001f0:    f000f92a    ..*.    BL       __aeabi_idiv ; 0x448
        0x000001f4:    1e46        F.      SUBS     r6,r0,#1
        0x000001f6:    bf00        ..      NOP      
        0x000001f8:    2000        .       MOVS     r0,#0
        0x000001fa:    4918        .I      LDR      r1,[pc,#96] ; [0x25c] = 0x40000000
        0x000001fc:    6088        .`      STR      r0,[r1,#8]
        0x000001fe:    bf00        ..      NOP      
        0x00000200:    bf00        ..      NOP      
        0x00000202:    6048        H`      STR      r0,[r1,#4]
        0x00000204:    bf00        ..      NOP      
        0x00000206:    bf00        ..      NOP      
        0x00000208:    4608        .F      MOV      r0,r1
        0x0000020a:    60c6        .`      STR      r6,[r0,#0xc]
        0x0000020c:    bf00        ..      NOP      
        0x0000020e:    2004        .       MOVS     r0,#4
        0x00000210:    4305        .C      ORRS     r5,r5,r0
        0x00000212:    bf00        ..      NOP      
        0x00000214:    4811        .H      LDR      r0,[pc,#68] ; [0x25c] = 0x40000000
        0x00000216:    6085        .`      STR      r5,[r0,#8]
        0x00000218:    bf00        ..      NOP      
        0x0000021a:    bd70        p.      POP      {r4-r6,pc}
    uartSendByte
        0x0000021c:    bf00        ..      NOP      
        0x0000021e:    490f        .I      LDR      r1,[pc,#60] ; [0x25c] = 0x40000000
        0x00000220:    6849        Ih      LDR      r1,[r1,#4]
        0x00000222:    2204        ."      MOVS     r2,#4
        0x00000224:    4011        .@      ANDS     r1,r1,r2
        0x00000226:    0889        ..      LSRS     r1,r1,#2
        0x00000228:    d0f9        ..      BEQ      0x21e ; uartSendByte + 2
        0x0000022a:    bf00        ..      NOP      
        0x0000022c:    490b        .I      LDR      r1,[pc,#44] ; [0x25c] = 0x40000000
        0x0000022e:    6008        .`      STR      r0,[r1,#0]
        0x00000230:    bf00        ..      NOP      
        0x00000232:    bf00        ..      NOP      
        0x00000234:    4909        .I      LDR      r1,[pc,#36] ; [0x25c] = 0x40000000
        0x00000236:    6849        Ih      LDR      r1,[r1,#4]
        0x00000238:    2206        ."      MOVS     r2,#6
        0x0000023a:    4011        .@      ANDS     r1,r1,r2
        0x0000023c:    2906        .)      CMP      r1,#6
        0x0000023e:    d1f9        ..      BNE      0x234 ; uartSendByte + 24
        0x00000240:    4770        pG      BX       lr
    puts
        0x00000242:    b500        ..      PUSH     {lr}
        0x00000244:    4603        .F      MOV      r3,r0
        0x00000246:    e003        ..      B        0x250 ; puts + 14
        0x00000248:    7818        .x      LDRB     r0,[r3,#0]
        0x0000024a:    1c5b        [.      ADDS     r3,r3,#1
        0x0000024c:    f7ffffe6    ....    BL       uartSendByte ; 0x21c
        0x00000250:    7818        .x      LDRB     r0,[r3,#0]
        0x00000252:    2800        .(      CMP      r0,#0
        0x00000254:    d1f8        ..      BNE      0x248 ; puts + 6
        0x00000256:    bd00        ..      POP      {pc}
    $d
        0x00000258:    02faf080    ....    DCD    50000000
        0x0000025c:    40000000    ...@    DCD    1073741824
    $t
    .text
    fputc
        0x00000260:    b570        p.      PUSH     {r4-r6,lr}
        0x00000262:    4604        .F      MOV      r4,r0
        0x00000264:    460e        .F      MOV      r6,r1
        0x00000266:    b2e5        ..      UXTB     r5,r4
        0x00000268:    4628        (F      MOV      r0,r5
        0x0000026a:    f7ffffd7    ....    BL       uartSendByte ; 0x21c
        0x0000026e:    bd70        p.      POP      {r4-r6,pc}
    ferror
        0x00000270:    4601        .F      MOV      r1,r0
        0x00000272:    4805        .H      LDR      r0,[pc,#20] ; [0x288] = 0xffffffff
        0x00000274:    4770        pG      BX       lr
    _ttywrch
        0x00000276:    b510        ..      PUSH     {r4,lr}
        0x00000278:    4604        .F      MOV      r4,r0
        0x0000027a:    b2e0        ..      UXTB     r0,r4
        0x0000027c:    f7ffffce    ....    BL       uartSendByte ; 0x21c
        0x00000280:    bd10        ..      POP      {r4,pc}
    _sys_exit
        0x00000282:    bf00        ..      NOP      
        0x00000284:    e7fe        ..      B        0x284 ; _sys_exit + 2
    $d
        0x00000286:    0000        ..      DCW    0
        0x00000288:    ffffffff    ....    DCD    4294967295
    $t
    .text
    SystemInit
        0x0000028c:    4770        pG      BX       lr
        0x0000028e:    0000        ..      MOVS     r0,r0
    .text
    Reset_Handler
        0x00000290:    4807        .H      LDR      r0,[pc,#28] ; [0x2b0] = 0x28d
        0x00000292:    4780        .G      BLX      r0
        0x00000294:    4807        .H      LDR      r0,[pc,#28] ; [0x2b4] = 0xc1
        0x00000296:    4700        .G      BX       r0
    NMI_Handler
        0x00000298:    e7fe        ..      B        NMI_Handler ; 0x298
    HardFault_Handler
        0x0000029a:    e7fe        ..      B        HardFault_Handler ; 0x29a
    SVC_Handler
        0x0000029c:    e7fe        ..      B        SVC_Handler ; 0x29c
    PendSV_Handler
        0x0000029e:    e7fe        ..      B        PendSV_Handler ; 0x29e
    SysTick_Handler
        0x000002a0:    e7fe        ..      B        SysTick_Handler ; 0x2a0
    APBKEY_IRQHandler
    GPIO_IRQHandler
    IIC_IRQHandler
    PWM_IRQHandler
    RSV0_IRQHandler
    RSV10_IRQHandler
    RSV11_IRQHandler
    RSV12_IRQHandler
    RSV13_IRQHandler
    RSV14_IRQHandler
    RSV15_IRQHandler
    RSV16_IRQHandler
    RSV17_IRQHandler
    RSV18_IRQHandler
    RSV19_IRQHandler
    RSV1_IRQHandler
    RSV20_IRQHandler
    RSV21_IRQHandler
    RSV22_IRQHandler
    RSV23_IRQHandler
    RSV24_IRQHandler
    RSV2_IRQHandler
    RSV3_IRQHandler
    RSV4_IRQHandler
    RSV5_IRQHandler
    RSV6_IRQHandler
    RSV7_IRQHandler
    RSV8_IRQHandler
    RSV9_IRQHandler
    STN_IRQHandler
    UART0_IRQHandler
    UART1_IRQHandler
        0x000002a2:    e7fe        ..      B        APBKEY_IRQHandler ; 0x2a2
    __user_initial_stackheap
        0x000002a4:    4804        .H      LDR      r0,[pc,#16] ; [0x2b8] = 0x20000068
        0x000002a6:    4905        .I      LDR      r1,[pc,#20] ; [0x2bc] = 0x20000468
        0x000002a8:    4a05        .J      LDR      r2,[pc,#20] ; [0x2c0] = 0x20000268
        0x000002aa:    4b06        .K      LDR      r3,[pc,#24] ; [0x2c4] = 0x20000268
        0x000002ac:    4770        pG      BX       lr
    $d
        0x000002ae:    0000        ..      DCW    0
        0x000002b0:    0000028d    ....    DCD    653
        0x000002b4:    000000c1    ....    DCD    193
        0x000002b8:    20000068    h..     DCD    536871016
        0x000002bc:    20000468    h..     DCD    536872040
        0x000002c0:    20000268    h..     DCD    536871528
        0x000002c4:    20000268    h..     DCD    536871528
    $t
    .text
    __I$use$semihosting
    __use_no_semihosting_swi
        0x000002c8:    4770        pG      BX       lr
        0x000002ca:    0000        ..      MOVS     r0,r0
    .text
    __2printf
        0x000002cc:    b40f        ..      PUSH     {r0-r3}
        0x000002ce:    4905        .I      LDR      r1,[pc,#20] ; [0x2e4] = 0x20000000
        0x000002d0:    b510        ..      PUSH     {r4,lr}
        0x000002d2:    aa03        ..      ADD      r2,sp,#0xc
        0x000002d4:    9802        ..      LDR      r0,[sp,#8]
        0x000002d6:    f000f9b1    ....    BL       _printf_char_file ; 0x63c
        0x000002da:    bc10        ..      POP      {r4}
        0x000002dc:    bc08        ..      POP      {r3}
        0x000002de:    b004        ..      ADD      sp,sp,#0x10
        0x000002e0:    4718        .G      BX       r3
    $d
        0x000002e2:    0000        ..      DCW    0
        0x000002e4:    20000000    ...     DCD    536870912
    $t
    .text
    __use_two_region_memory
        0x000002e8:    4770        pG      BX       lr
    __rt_heap_escrow$2region
        0x000002ea:    4770        pG      BX       lr
    __rt_heap_expand$2region
        0x000002ec:    4770        pG      BX       lr
    .text
    exit
        0x000002ee:    4604        .F      MOV      r4,r0
        0x000002f0:    46c0        .F      MOV      r8,r8
        0x000002f2:    46c0        .F      MOV      r8,r8
        0x000002f4:    4620         F      MOV      r0,r4
        0x000002f6:    f7ffff3d    ..=.    BL       __rt_exit ; 0x174
        0x000002fa:    0000        ..      MOVS     r0,r0
    $d
    .ARM.__at_0x02FC
        0x000002fc:    ffffffff    ....    DCD    4294967295
    $t
    .text
    __printf
        0x00000300:    b5f8        ..      PUSH     {r3-r7,lr}
        0x00000302:    4604        .F      MOV      r4,r0
        0x00000304:    460e        .F      MOV      r6,r1
        0x00000306:    2000        .       MOVS     r0,#0
        0x00000308:    e02d        -.      B        0x366 ; __printf + 102
        0x0000030a:    68e1        .h      LDR      r1,[r4,#0xc]
        0x0000030c:    4620         F      MOV      r0,r4
        0x0000030e:    4788        .G      BLX      r1
        0x00000310:    2800        .(      CMP      r0,#0
        0x00000312:    d02a        *.      BEQ      0x36a ; __printf + 106
        0x00000314:    2825        %(      CMP      r0,#0x25
        0x00000316:    d002        ..      BEQ      0x31e ; __printf + 30
        0x00000318:    6862        bh      LDR      r2,[r4,#4]
        0x0000031a:    68a1        .h      LDR      r1,[r4,#8]
        0x0000031c:    e020         .      B        0x360 ; __printf + 96
        0x0000031e:    68e1        .h      LDR      r1,[r4,#0xc]
        0x00000320:    4620         F      MOV      r0,r4
        0x00000322:    2700        .'      MOVS     r7,#0
        0x00000324:    4788        .G      BLX      r1
        0x00000326:    0005        ..      MOVS     r5,r0
        0x00000328:    d01f        ..      BEQ      0x36a ; __printf + 106
        0x0000032a:    4628        (F      MOV      r0,r5
        0x0000032c:    3841        A8      SUBS     r0,r0,#0x41
        0x0000032e:    2819        .(      CMP      r0,#0x19
        0x00000330:    d802        ..      BHI      0x338 ; __printf + 56
        0x00000332:    2701        .'      MOVS     r7,#1
        0x00000334:    02ff        ..      LSLS     r7,r7,#11
        0x00000336:    3520         5      ADDS     r5,r5,#0x20
        0x00000338:    4632        2F      MOV      r2,r6
        0x0000033a:    4620         F      MOV      r0,r4
        0x0000033c:    6027        '`      STR      r7,[r4,#0]
        0x0000033e:    4629        )F      MOV      r1,r5
        0x00000340:    f7fffefc    ....    BL       _printf_percent ; 0x13c
        0x00000344:    2800        .(      CMP      r0,#0
        0x00000346:    d008        ..      BEQ      0x35a ; __printf + 90
        0x00000348:    2801        .(      CMP      r0,#1
        0x0000034a:    d004        ..      BEQ      0x356 ; __printf + 86
        0x0000034c:    1df6        ..      ADDS     r6,r6,#7
        0x0000034e:    08f6        ..      LSRS     r6,r6,#3
        0x00000350:    00f6        ..      LSLS     r6,r6,#3
        0x00000352:    3608        .6      ADDS     r6,r6,#8
        0x00000354:    e7d9        ..      B        0x30a ; __printf + 10
        0x00000356:    1d36        6.      ADDS     r6,r6,#4
        0x00000358:    e7d7        ..      B        0x30a ; __printf + 10
        0x0000035a:    6862        bh      LDR      r2,[r4,#4]
        0x0000035c:    4628        (F      MOV      r0,r5
        0x0000035e:    68a1        .h      LDR      r1,[r4,#8]
        0x00000360:    4790        .G      BLX      r2
        0x00000362:    6a20         j      LDR      r0,[r4,#0x20]
        0x00000364:    1c40        @.      ADDS     r0,r0,#1
        0x00000366:    6220         b      STR      r0,[r4,#0x20]
        0x00000368:    e7cf        ..      B        0x30a ; __printf + 10
        0x0000036a:    6a20         j      LDR      r0,[r4,#0x20]
        0x0000036c:    bdf8        ..      POP      {r3-r7,pc}
        0x0000036e:    0000        ..      MOVS     r0,r0
    .text
    _printf_int_dec
        0x00000370:    b5f7        ..      PUSH     {r0-r2,r4-r7,lr}
        0x00000372:    2600        .&      MOVS     r6,#0
        0x00000374:    2975        u)      CMP      r1,#0x75
        0x00000376:    6810        .h      LDR      r0,[r2,#0]
        0x00000378:    9900        ..      LDR      r1,[sp,#0]
        0x0000037a:    a514        ..      ADR      r5,{pc}+0x52 ; 0x3cc
        0x0000037c:    d011        ..      BEQ      0x3a2 ; _printf_int_dec + 50
        0x0000037e:    46c0        .F      MOV      r8,r8
        0x00000380:    46c0        .F      MOV      r8,r8
        0x00000382:    2800        .(      CMP      r0,#0
        0x00000384:    da02        ..      BGE      0x38c ; _printf_int_dec + 28
        0x00000386:    4240        @B      RSBS     r0,r0,#0
        0x00000388:    a511        ..      ADR      r5,{pc}+0x48 ; 0x3d0
        0x0000038a:    e008        ..      B        0x39e ; _printf_int_dec + 46
        0x0000038c:    9900        ..      LDR      r1,[sp,#0]
        0x0000038e:    6809        .h      LDR      r1,[r1,#0]
        0x00000390:    078a        ..      LSLS     r2,r1,#30
        0x00000392:    d501        ..      BPL      0x398 ; _printf_int_dec + 40
        0x00000394:    a50f        ..      ADR      r5,{pc}+0x40 ; 0x3d4
        0x00000396:    e002        ..      B        0x39e ; _printf_int_dec + 46
        0x00000398:    0749        I.      LSLS     r1,r1,#29
        0x0000039a:    d504        ..      BPL      0x3a6 ; _printf_int_dec + 54
        0x0000039c:    a50e        ..      ADR      r5,{pc}+0x3c ; 0x3d8
        0x0000039e:    2601        .&      MOVS     r6,#1
        0x000003a0:    e001        ..      B        0x3a6 ; _printf_int_dec + 54
        0x000003a2:    46c0        .F      MOV      r8,r8
        0x000003a4:    46c0        .F      MOV      r8,r8
        0x000003a6:    9f00        ..      LDR      r7,[sp,#0]
        0x000003a8:    2400        .$      MOVS     r4,#0
        0x000003aa:    3724        $7      ADDS     r7,r7,#0x24
        0x000003ac:    e004        ..      B        0x3b8 ; _printf_int_dec + 72
        0x000003ae:    f000f959    ..Y.    BL       __rt_udiv10 ; 0x664
        0x000003b2:    3130        01      ADDS     r1,r1,#0x30
        0x000003b4:    5539        9U      STRB     r1,[r7,r4]
        0x000003b6:    1c64        d.      ADDS     r4,r4,#1
        0x000003b8:    2800        .(      CMP      r0,#0
        0x000003ba:    d1f8        ..      BNE      0x3ae ; _printf_int_dec + 62
        0x000003bc:    4633        3F      MOV      r3,r6
        0x000003be:    462a        *F      MOV      r2,r5
        0x000003c0:    4621        !F      MOV      r1,r4
        0x000003c2:    9800        ..      LDR      r0,[sp,#0]
        0x000003c4:    f000f8e3    ....    BL       _printf_int_common ; 0x58e
        0x000003c8:    bdfe        ..      POP      {r1-r7,pc}
    $d
        0x000003ca:    0000        ..      DCW    0
        0x000003cc:    00000000    ....    DCD    0
        0x000003d0:    0000002d    -...    DCD    45
        0x000003d4:    0000002b    +...    DCD    43
        0x000003d8:    00000020     ...    DCD    32
    $t
    .text
    _printf_int_hex
    _printf_longlong_hex
        0x000003dc:    b570        p.      PUSH     {r4-r6,lr}
        0x000003de:    4604        .F      MOV      r4,r0
        0x000003e0:    460d        .F      MOV      r5,r1
        0x000003e2:    4621        !F      MOV      r1,r4
        0x000003e4:    6810        .h      LDR      r0,[r2,#0]
        0x000003e6:    46c0        .F      MOV      r8,r8
        0x000003e8:    46c0        .F      MOV      r8,r8
        0x000003ea:    6821        !h      LDR      r1,[r4,#0]
        0x000003ec:    0509        ..      LSLS     r1,r1,#20
        0x000003ee:    d502        ..      BPL      0x3f6 ; _printf_int_hex + 26
        0x000003f0:    4a0f        .J      LDR      r2,[pc,#60] ; [0x430] = 0x30e
        0x000003f2:    447a        zD      ADD      r2,r2,pc
        0x000003f4:    e002        ..      B        0x3fc ; _printf_int_hex + 32
        0x000003f6:    4a0e        .J      LDR      r2,[pc,#56] ; [0x430] = 0x30e
        0x000003f8:    447a        zD      ADD      r2,r2,pc
        0x000003fa:    320e        .2      ADDS     r2,r2,#0xe
        0x000003fc:    4623        #F      MOV      r3,r4
        0x000003fe:    2100        .!      MOVS     r1,#0
        0x00000400:    3324        $3      ADDS     r3,r3,#0x24
        0x00000402:    e005        ..      B        0x410 ; _printf_int_hex + 52
        0x00000404:    0706        ..      LSLS     r6,r0,#28
        0x00000406:    0f36        6.      LSRS     r6,r6,#28
        0x00000408:    5d96        .]      LDRB     r6,[r2,r6]
        0x0000040a:    545e        ^T      STRB     r6,[r3,r1]
        0x0000040c:    1c49        I.      ADDS     r1,r1,#1
        0x0000040e:    0900        ..      LSRS     r0,r0,#4
        0x00000410:    2800        .(      CMP      r0,#0
        0x00000412:    d1f7        ..      BNE      0x404 ; _printf_int_hex + 40
        0x00000414:    6820         h      LDR      r0,[r4,#0]
        0x00000416:    2300        .#      MOVS     r3,#0
        0x00000418:    0700        ..      LSLS     r0,r0,#28
        0x0000041a:    d505        ..      BPL      0x428 ; _printf_int_hex + 76
        0x0000041c:    2d70        p-      CMP      r5,#0x70
        0x0000041e:    d003        ..      BEQ      0x428 ; _printf_int_hex + 76
        0x00000420:    2900        .)      CMP      r1,#0
        0x00000422:    d001        ..      BEQ      0x428 ; _printf_int_hex + 76
        0x00000424:    3211        .2      ADDS     r2,r2,#0x11
        0x00000426:    2302        .#      MOVS     r3,#2
        0x00000428:    4620         F      MOV      r0,r4
        0x0000042a:    f000f8b0    ....    BL       _printf_int_common ; 0x58e
        0x0000042e:    bd70        p.      POP      {r4-r6,pc}
    $d
        0x00000430:    0000030e    ....    DCD    782
    $t
    .text
    __aeabi_uidiv
    __aeabi_uidivmod
        0x00000434:    2200        ."      MOVS     r2,#0
        0x00000436:    0903        ..      LSRS     r3,r0,#4
        0x00000438:    428b        .B      CMP      r3,r1
        0x0000043a:    d32c        ,.      BCC      0x496 ; __aeabi_idiv + 78
        0x0000043c:    0a03        ..      LSRS     r3,r0,#8
        0x0000043e:    428b        .B      CMP      r3,r1
        0x00000440:    d311        ..      BCC      0x466 ; __aeabi_idiv + 30
        0x00000442:    2300        .#      MOVS     r3,#0
        0x00000444:    469c        .F      MOV      r12,r3
        0x00000446:    e04e        N.      B        0x4e6 ; __aeabi_idiv + 158
    __aeabi_idiv
    __aeabi_idivmod
        0x00000448:    4603        .F      MOV      r3,r0
        0x0000044a:    430b        .C      ORRS     r3,r3,r1
        0x0000044c:    d43c        <.      BMI      0x4c8 ; __aeabi_idiv + 128
        0x0000044e:    2200        ."      MOVS     r2,#0
        0x00000450:    0843        C.      LSRS     r3,r0,#1
        0x00000452:    428b        .B      CMP      r3,r1
        0x00000454:    d331        1.      BCC      0x4ba ; __aeabi_idiv + 114
        0x00000456:    0903        ..      LSRS     r3,r0,#4
        0x00000458:    428b        .B      CMP      r3,r1
        0x0000045a:    d31c        ..      BCC      0x496 ; __aeabi_idiv + 78
        0x0000045c:    0a03        ..      LSRS     r3,r0,#8
        0x0000045e:    428b        .B      CMP      r3,r1
        0x00000460:    d301        ..      BCC      0x466 ; __aeabi_idiv + 30
        0x00000462:    4694        .F      MOV      r12,r2
        0x00000464:    e03f        ?.      B        0x4e6 ; __aeabi_idiv + 158
        0x00000466:    09c3        ..      LSRS     r3,r0,#7
        0x00000468:    428b        .B      CMP      r3,r1
        0x0000046a:    d301        ..      BCC      0x470 ; __aeabi_idiv + 40
        0x0000046c:    01cb        ..      LSLS     r3,r1,#7
        0x0000046e:    1ac0        ..      SUBS     r0,r0,r3
        0x00000470:    4152        RA      ADCS     r2,r2,r2
        0x00000472:    0983        ..      LSRS     r3,r0,#6
        0x00000474:    428b        .B      CMP      r3,r1
        0x00000476:    d301        ..      BCC      0x47c ; __aeabi_idiv + 52
        0x00000478:    018b        ..      LSLS     r3,r1,#6
        0x0000047a:    1ac0        ..      SUBS     r0,r0,r3
        0x0000047c:    4152        RA      ADCS     r2,r2,r2
        0x0000047e:    0943        C.      LSRS     r3,r0,#5
        0x00000480:    428b        .B      CMP      r3,r1
        0x00000482:    d301        ..      BCC      0x488 ; __aeabi_idiv + 64
        0x00000484:    014b        K.      LSLS     r3,r1,#5
        0x00000486:    1ac0        ..      SUBS     r0,r0,r3
        0x00000488:    4152        RA      ADCS     r2,r2,r2
        0x0000048a:    0903        ..      LSRS     r3,r0,#4
        0x0000048c:    428b        .B      CMP      r3,r1
        0x0000048e:    d301        ..      BCC      0x494 ; __aeabi_idiv + 76
        0x00000490:    010b        ..      LSLS     r3,r1,#4
        0x00000492:    1ac0        ..      SUBS     r0,r0,r3
        0x00000494:    4152        RA      ADCS     r2,r2,r2
        0x00000496:    08c3        ..      LSRS     r3,r0,#3
        0x00000498:    428b        .B      CMP      r3,r1
        0x0000049a:    d301        ..      BCC      0x4a0 ; __aeabi_idiv + 88
        0x0000049c:    00cb        ..      LSLS     r3,r1,#3
        0x0000049e:    1ac0        ..      SUBS     r0,r0,r3
        0x000004a0:    4152        RA      ADCS     r2,r2,r2
        0x000004a2:    0883        ..      LSRS     r3,r0,#2
        0x000004a4:    428b        .B      CMP      r3,r1
        0x000004a6:    d301        ..      BCC      0x4ac ; __aeabi_idiv + 100
        0x000004a8:    008b        ..      LSLS     r3,r1,#2
        0x000004aa:    1ac0        ..      SUBS     r0,r0,r3
        0x000004ac:    4152        RA      ADCS     r2,r2,r2
        0x000004ae:    0843        C.      LSRS     r3,r0,#1
        0x000004b0:    428b        .B      CMP      r3,r1
        0x000004b2:    d301        ..      BCC      0x4b8 ; __aeabi_idiv + 112
        0x000004b4:    004b        K.      LSLS     r3,r1,#1
        0x000004b6:    1ac0        ..      SUBS     r0,r0,r3
        0x000004b8:    4152        RA      ADCS     r2,r2,r2
        0x000004ba:    1a41        A.      SUBS     r1,r0,r1
        0x000004bc:    d200        ..      BCS      0x4c0 ; __aeabi_idiv + 120
        0x000004be:    4601        .F      MOV      r1,r0
        0x000004c0:    4152        RA      ADCS     r2,r2,r2
        0x000004c2:    4610        .F      MOV      r0,r2
        0x000004c4:    4770        pG      BX       lr
        0x000004c6:    e05d        ].      B        0x584 ; __aeabi_idiv + 316
        0x000004c8:    0fca        ..      LSRS     r2,r1,#31
        0x000004ca:    d000        ..      BEQ      0x4ce ; __aeabi_idiv + 134
        0x000004cc:    4249        IB      RSBS     r1,r1,#0
        0x000004ce:    1003        ..      ASRS     r3,r0,#32
        0x000004d0:    d300        ..      BCC      0x4d4 ; __aeabi_idiv + 140
        0x000004d2:    4240        @B      RSBS     r0,r0,#0
        0x000004d4:    4053        S@      EORS     r3,r3,r2
        0x000004d6:    2200        ."      MOVS     r2,#0
        0x000004d8:    469c        .F      MOV      r12,r3
        0x000004da:    0903        ..      LSRS     r3,r0,#4
        0x000004dc:    428b        .B      CMP      r3,r1
        0x000004de:    d32d        -.      BCC      0x53c ; __aeabi_idiv + 244
        0x000004e0:    0a03        ..      LSRS     r3,r0,#8
        0x000004e2:    428b        .B      CMP      r3,r1
        0x000004e4:    d312        ..      BCC      0x50c ; __aeabi_idiv + 196
        0x000004e6:    22fc        ."      MOVS     r2,#0xfc
        0x000004e8:    0189        ..      LSLS     r1,r1,#6
        0x000004ea:    ba12        ..      REV      r2,r2
        0x000004ec:    0a03        ..      LSRS     r3,r0,#8
        0x000004ee:    428b        .B      CMP      r3,r1
        0x000004f0:    d30c        ..      BCC      0x50c ; __aeabi_idiv + 196
        0x000004f2:    0189        ..      LSLS     r1,r1,#6
        0x000004f4:    1192        ..      ASRS     r2,r2,#6
        0x000004f6:    428b        .B      CMP      r3,r1
        0x000004f8:    d308        ..      BCC      0x50c ; __aeabi_idiv + 196
        0x000004fa:    0189        ..      LSLS     r1,r1,#6
        0x000004fc:    1192        ..      ASRS     r2,r2,#6
        0x000004fe:    428b        .B      CMP      r3,r1
        0x00000500:    d304        ..      BCC      0x50c ; __aeabi_idiv + 196
        0x00000502:    0189        ..      LSLS     r1,r1,#6
        0x00000504:    d03a        :.      BEQ      0x57c ; __aeabi_idiv + 308
        0x00000506:    1192        ..      ASRS     r2,r2,#6
        0x00000508:    e000        ..      B        0x50c ; __aeabi_idiv + 196
        0x0000050a:    0989        ..      LSRS     r1,r1,#6
        0x0000050c:    09c3        ..      LSRS     r3,r0,#7
        0x0000050e:    428b        .B      CMP      r3,r1
        0x00000510:    d301        ..      BCC      0x516 ; __aeabi_idiv + 206
        0x00000512:    01cb        ..      LSLS     r3,r1,#7
        0x00000514:    1ac0        ..      SUBS     r0,r0,r3
        0x00000516:    4152        RA      ADCS     r2,r2,r2
        0x00000518:    0983        ..      LSRS     r3,r0,#6
        0x0000051a:    428b        .B      CMP      r3,r1
        0x0000051c:    d301        ..      BCC      0x522 ; __aeabi_idiv + 218
        0x0000051e:    018b        ..      LSLS     r3,r1,#6
        0x00000520:    1ac0        ..      SUBS     r0,r0,r3
        0x00000522:    4152        RA      ADCS     r2,r2,r2
        0x00000524:    0943        C.      LSRS     r3,r0,#5
        0x00000526:    428b        .B      CMP      r3,r1
        0x00000528:    d301        ..      BCC      0x52e ; __aeabi_idiv + 230
        0x0000052a:    014b        K.      LSLS     r3,r1,#5
        0x0000052c:    1ac0        ..      SUBS     r0,r0,r3
        0x0000052e:    4152        RA      ADCS     r2,r2,r2
        0x00000530:    0903        ..      LSRS     r3,r0,#4
        0x00000532:    428b        .B      CMP      r3,r1
        0x00000534:    d301        ..      BCC      0x53a ; __aeabi_idiv + 242
        0x00000536:    010b        ..      LSLS     r3,r1,#4
        0x00000538:    1ac0        ..      SUBS     r0,r0,r3
        0x0000053a:    4152        RA      ADCS     r2,r2,r2
        0x0000053c:    08c3        ..      LSRS     r3,r0,#3
        0x0000053e:    428b        .B      CMP      r3,r1
        0x00000540:    d301        ..      BCC      0x546 ; __aeabi_idiv + 254
        0x00000542:    00cb        ..      LSLS     r3,r1,#3
        0x00000544:    1ac0        ..      SUBS     r0,r0,r3
        0x00000546:    4152        RA      ADCS     r2,r2,r2
        0x00000548:    0883        ..      LSRS     r3,r0,#2
        0x0000054a:    428b        .B      CMP      r3,r1
        0x0000054c:    d301        ..      BCC      0x552 ; __aeabi_idiv + 266
        0x0000054e:    008b        ..      LSLS     r3,r1,#2
        0x00000550:    1ac0        ..      SUBS     r0,r0,r3
        0x00000552:    4152        RA      ADCS     r2,r2,r2
        0x00000554:    d2d9        ..      BCS      0x50a ; __aeabi_idiv + 194
        0x00000556:    0843        C.      LSRS     r3,r0,#1
        0x00000558:    428b        .B      CMP      r3,r1
        0x0000055a:    d301        ..      BCC      0x560 ; __aeabi_idiv + 280
        0x0000055c:    004b        K.      LSLS     r3,r1,#1
        0x0000055e:    1ac0        ..      SUBS     r0,r0,r3
        0x00000560:    4152        RA      ADCS     r2,r2,r2
        0x00000562:    1a41        A.      SUBS     r1,r0,r1
        0x00000564:    d200        ..      BCS      0x568 ; __aeabi_idiv + 288
        0x00000566:    4601        .F      MOV      r1,r0
        0x00000568:    4663        cF      MOV      r3,r12
        0x0000056a:    4152        RA      ADCS     r2,r2,r2
        0x0000056c:    105b        [.      ASRS     r3,r3,#1
        0x0000056e:    4610        .F      MOV      r0,r2
        0x00000570:    d301        ..      BCC      0x576 ; __aeabi_idiv + 302
        0x00000572:    4240        @B      RSBS     r0,r0,#0
        0x00000574:    2b00        .+      CMP      r3,#0
        0x00000576:    d500        ..      BPL      0x57a ; __aeabi_idiv + 306
        0x00000578:    4249        IB      RSBS     r1,r1,#0
        0x0000057a:    4770        pG      BX       lr
        0x0000057c:    4663        cF      MOV      r3,r12
        0x0000057e:    105b        [.      ASRS     r3,r3,#1
        0x00000580:    d300        ..      BCC      0x584 ; __aeabi_idiv + 316
        0x00000582:    4240        @B      RSBS     r0,r0,#0
        0x00000584:    b501        ..      PUSH     {r0,lr}
        0x00000586:    2000        .       MOVS     r0,#0
        0x00000588:    46c0        .F      MOV      r8,r8
        0x0000058a:    46c0        .F      MOV      r8,r8
        0x0000058c:    bd02        ..      POP      {r1,pc}
    .text
    _printf_int_common
        0x0000058e:    b5ff        ..      PUSH     {r0-r7,lr}
        0x00000590:    4604        .F      MOV      r4,r0
        0x00000592:    460d        .F      MOV      r5,r1
        0x00000594:    b081        ..      SUB      sp,sp,#4
        0x00000596:    3024        $0      ADDS     r0,r0,#0x24
        0x00000598:    9000        ..      STR      r0,[sp,#0]
        0x0000059a:    6821        !h      LDR      r1,[r4,#0]
        0x0000059c:    0688        ..      LSLS     r0,r1,#26
        0x0000059e:    d504        ..      BPL      0x5aa ; _printf_int_common + 28
        0x000005a0:    2210        ."      MOVS     r2,#0x10
        0x000005a2:    69e0        .i      LDR      r0,[r4,#0x1c]
        0x000005a4:    4391        .C      BICS     r1,r1,r2
        0x000005a6:    6021        !`      STR      r1,[r4,#0]
        0x000005a8:    e000        ..      B        0x5ac ; _printf_int_common + 30
        0x000005aa:    2001        .       MOVS     r0,#1
        0x000005ac:    2700        .'      MOVS     r7,#0
        0x000005ae:    42a8        .B      CMP      r0,r5
        0x000005b0:    dd00        ..      BLE      0x5b4 ; _printf_int_common + 38
        0x000005b2:    1b47        G.      SUBS     r7,r0,r5
        0x000005b4:    9804        ..      LDR      r0,[sp,#0x10]
        0x000005b6:    69a1        .i      LDR      r1,[r4,#0x18]
        0x000005b8:    197a        z.      ADDS     r2,r7,r5
        0x000005ba:    1810        ..      ADDS     r0,r2,r0
        0x000005bc:    1a08        ..      SUBS     r0,r1,r0
        0x000005be:    61a0        .a      STR      r0,[r4,#0x18]
        0x000005c0:    6820         h      LDR      r0,[r4,#0]
        0x000005c2:    06c0        ..      LSLS     r0,r0,#27
        0x000005c4:    d402        ..      BMI      0x5cc ; _printf_int_common + 62
        0x000005c6:    4620         F      MOV      r0,r4
        0x000005c8:    46c0        .F      MOV      r8,r8
        0x000005ca:    46c0        .F      MOV      r8,r8
        0x000005cc:    2600        .&      MOVS     r6,#0
        0x000005ce:    e008        ..      B        0x5e2 ; _printf_int_common + 84
        0x000005d0:    9803        ..      LDR      r0,[sp,#0xc]
        0x000005d2:    6862        bh      LDR      r2,[r4,#4]
        0x000005d4:    68a1        .h      LDR      r1,[r4,#8]
        0x000005d6:    5d80        .]      LDRB     r0,[r0,r6]
        0x000005d8:    4790        .G      BLX      r2
        0x000005da:    6a20         j      LDR      r0,[r4,#0x20]
        0x000005dc:    1c40        @.      ADDS     r0,r0,#1
        0x000005de:    1c76        v.      ADDS     r6,r6,#1
        0x000005e0:    6220         b      STR      r0,[r4,#0x20]
        0x000005e2:    9804        ..      LDR      r0,[sp,#0x10]
        0x000005e4:    4286        .B      CMP      r6,r0
        0x000005e6:    dbf3        ..      BLT      0x5d0 ; _printf_int_common + 66
        0x000005e8:    6820         h      LDR      r0,[r4,#0]
        0x000005ea:    06c0        ..      LSLS     r0,r0,#27
        0x000005ec:    d50a        ..      BPL      0x604 ; _printf_int_common + 118
        0x000005ee:    4620         F      MOV      r0,r4
        0x000005f0:    46c0        .F      MOV      r8,r8
        0x000005f2:    46c0        .F      MOV      r8,r8
        0x000005f4:    e006        ..      B        0x604 ; _printf_int_common + 118
        0x000005f6:    6862        bh      LDR      r2,[r4,#4]
        0x000005f8:    68a1        .h      LDR      r1,[r4,#8]
        0x000005fa:    2030        0       MOVS     r0,#0x30
        0x000005fc:    4790        .G      BLX      r2
        0x000005fe:    6a20         j      LDR      r0,[r4,#0x20]
        0x00000600:    1c40        @.      ADDS     r0,r0,#1
        0x00000602:    6220         b      STR      r0,[r4,#0x20]
        0x00000604:    4638        8F      MOV      r0,r7
        0x00000606:    1e7f        ..      SUBS     r7,r7,#1
        0x00000608:    2800        .(      CMP      r0,#0
        0x0000060a:    dcf4        ..      BGT      0x5f6 ; _printf_int_common + 104
        0x0000060c:    e007        ..      B        0x61e ; _printf_int_common + 144
        0x0000060e:    9800        ..      LDR      r0,[sp,#0]
        0x00000610:    6862        bh      LDR      r2,[r4,#4]
        0x00000612:    68a1        .h      LDR      r1,[r4,#8]
        0x00000614:    5d40        @]      LDRB     r0,[r0,r5]
        0x00000616:    4790        .G      BLX      r2
        0x00000618:    6a20         j      LDR      r0,[r4,#0x20]
        0x0000061a:    1c40        @.      ADDS     r0,r0,#1
        0x0000061c:    6220         b      STR      r0,[r4,#0x20]
        0x0000061e:    4628        (F      MOV      r0,r5
        0x00000620:    1e6d        m.      SUBS     r5,r5,#1
        0x00000622:    2800        .(      CMP      r0,#0
        0x00000624:    dcf3        ..      BGT      0x60e ; _printf_int_common + 128
        0x00000626:    4620         F      MOV      r0,r4
        0x00000628:    46c0        .F      MOV      r8,r8
        0x0000062a:    46c0        .F      MOV      r8,r8
        0x0000062c:    6821        !h      LDR      r1,[r4,#0]
        0x0000062e:    2002        .       MOVS     r0,#2
        0x00000630:    0609        ..      LSLS     r1,r1,#24
        0x00000632:    d400        ..      BMI      0x636 ; _printf_int_common + 168
        0x00000634:    2001        .       MOVS     r0,#1
        0x00000636:    b005        ..      ADD      sp,sp,#0x14
        0x00000638:    bdf0        ..      POP      {r4-r7,pc}
        0x0000063a:    0000        ..      MOVS     r0,r0
    .text
    _printf_char_file
        0x0000063c:    4b08        .K      LDR      r3,[pc,#32] ; [0x660] = 0xfffffc1b
        0x0000063e:    b570        p.      PUSH     {r4-r6,lr}
        0x00000640:    460c        .F      MOV      r4,r1
        0x00000642:    447b        {D      ADD      r3,r3,pc
        0x00000644:    f000f827    ..'.    BL       _printf_char_common ; 0x696
        0x00000648:    4605        .F      MOV      r5,r0
        0x0000064a:    4620         F      MOV      r0,r4
        0x0000064c:    f7fffe10    ....    BL       ferror ; 0x270
        0x00000650:    2800        .(      CMP      r0,#0
        0x00000652:    d002        ..      BEQ      0x65a ; _printf_char_file + 30
        0x00000654:    2000        .       MOVS     r0,#0
        0x00000656:    43c0        .C      MVNS     r0,r0
        0x00000658:    bd70        p.      POP      {r4-r6,pc}
        0x0000065a:    4628        (F      MOV      r0,r5
        0x0000065c:    bd70        p.      POP      {r4-r6,pc}
    $d
        0x0000065e:    0000        ..      DCW    0
        0x00000660:    fffffc1b    ....    DCD    4294966299
    $t
    .text
    __rt_udiv10
        0x00000664:    4601        .F      MOV      r1,r0
        0x00000666:    0880        ..      LSRS     r0,r0,#2
        0x00000668:    1a08        ..      SUBS     r0,r1,r0
        0x0000066a:    0902        ..      LSRS     r2,r0,#4
        0x0000066c:    1810        ..      ADDS     r0,r2,r0
        0x0000066e:    0a02        ..      LSRS     r2,r0,#8
        0x00000670:    1810        ..      ADDS     r0,r2,r0
        0x00000672:    0c02        ..      LSRS     r2,r0,#16
        0x00000674:    1810        ..      ADDS     r0,r2,r0
        0x00000676:    08c0        ..      LSRS     r0,r0,#3
        0x00000678:    0082        ..      LSLS     r2,r0,#2
        0x0000067a:    1812        ..      ADDS     r2,r2,r0
        0x0000067c:    0052        R.      LSLS     r2,r2,#1
        0x0000067e:    1a89        ..      SUBS     r1,r1,r2
        0x00000680:    e001        ..      B        0x686 ; __rt_udiv10 + 34
        0x00000682:    390a        .9      SUBS     r1,r1,#0xa
        0x00000684:    1c40        @.      ADDS     r0,r0,#1
        0x00000686:    290a        .)      CMP      r1,#0xa
        0x00000688:    d2fb        ..      BCS      0x682 ; __rt_udiv10 + 30
        0x0000068a:    4770        pG      BX       lr
    .text
    _printf_input_char
        0x0000068c:    6901        .i      LDR      r1,[r0,#0x10]
        0x0000068e:    1c4a        J.      ADDS     r2,r1,#1
        0x00000690:    6102        .a      STR      r2,[r0,#0x10]
        0x00000692:    7808        .x      LDRB     r0,[r1,#0]
        0x00000694:    4770        pG      BX       lr
    _printf_char_common
        0x00000696:    b500        ..      PUSH     {lr}
        0x00000698:    b08f        ..      SUB      sp,sp,#0x3c
        0x0000069a:    9102        ..      STR      r1,[sp,#8]
        0x0000069c:    2100        .!      MOVS     r1,#0
        0x0000069e:    9105        ..      STR      r1,[sp,#0x14]
        0x000006a0:    4905        .I      LDR      r1,[pc,#20] ; [0x6b8] = 0xffffffe5
        0x000006a2:    9301        ..      STR      r3,[sp,#4]
        0x000006a4:    4479        yD      ADD      r1,r1,pc
        0x000006a6:    9103        ..      STR      r1,[sp,#0xc]
        0x000006a8:    4611        .F      MOV      r1,r2
        0x000006aa:    9004        ..      STR      r0,[sp,#0x10]
        0x000006ac:    4668        hF      MOV      r0,sp
        0x000006ae:    f7fffe27    ..'.    BL       __printf ; 0x300
        0x000006b2:    b00f        ..      ADD      sp,sp,#0x3c
        0x000006b4:    bd00        ..      POP      {pc}
    $d
        0x000006b6:    0000        ..      DCW    0
        0x000006b8:    ffffffe5    ....    DCD    4294967269
    $t
    .text
    __user_setup_stackheap
        0x000006bc:    4675        uF      MOV      r5,lr
        0x000006be:    f000f81d    ....    BL       __user_libspace ; 0x6fc
        0x000006c2:    46ae        .F      MOV      lr,r5
        0x000006c4:    0005        ..      MOVS     r5,r0
        0x000006c6:    4669        iF      MOV      r1,sp
        0x000006c8:    4653        SF      MOV      r3,r10
        0x000006ca:    08c0        ..      LSRS     r0,r0,#3
        0x000006cc:    00c0        ..      LSLS     r0,r0,#3
        0x000006ce:    4685        .F      MOV      sp,r0
        0x000006d0:    b018        ..      ADD      sp,sp,#0x60
        0x000006d2:    b520         .      PUSH     {r5,lr}
        0x000006d4:    f7fffde6    ....    BL       __user_initial_stackheap ; 0x2a4
        0x000006d8:    bc60        `.      POP      {r5,r6}
        0x000006da:    2700        .'      MOVS     r7,#0
        0x000006dc:    0849        I.      LSRS     r1,r1,#1
        0x000006de:    46b6        .F      MOV      lr,r6
        0x000006e0:    2600        .&      MOVS     r6,#0
        0x000006e2:    c5c0        ..      STM      r5!,{r6,r7}
        0x000006e4:    c5c0        ..      STM      r5!,{r6,r7}
        0x000006e6:    c5c0        ..      STM      r5!,{r6,r7}
        0x000006e8:    c5c0        ..      STM      r5!,{r6,r7}
        0x000006ea:    c5c0        ..      STM      r5!,{r6,r7}
        0x000006ec:    c5c0        ..      STM      r5!,{r6,r7}
        0x000006ee:    c5c0        ..      STM      r5!,{r6,r7}
        0x000006f0:    c5c0        ..      STM      r5!,{r6,r7}
        0x000006f2:    3d40        @=      SUBS     r5,r5,#0x40
        0x000006f4:    0049        I.      LSLS     r1,r1,#1
        0x000006f6:    468d        .F      MOV      sp,r1
        0x000006f8:    4770        pG      BX       lr
        0x000006fa:    0000        ..      MOVS     r0,r0
    .text
    __user_libspace
    __user_perproc_libspace
    __user_perthread_libspace
        0x000006fc:    4800        .H      LDR      r0,[pc,#0] ; [0x700] = 0x20000004
        0x000006fe:    4770        pG      BX       lr
    $d
        0x00000700:    20000004    ...     DCD    536870916
    $d.realdata
    .constdata
    uc_hextab
        0x00000704:    33323130    0123    DCD    858927408
        0x00000708:    37363534    4567    DCD    926299444
        0x0000070c:    42413938    89AB    DCD    1111570744
        0x00000710:    46454443    CDEF    DCD    1178944579
        0x00000714:    00583040    @0X.    DCD    5779520
    lc_hextab
        0x00000718:    33323130    0123    DCD    858927408
        0x0000071c:    37363534    4567    DCD    926299444
        0x00000720:    62613938    89ab    DCD    1650538808
        0x00000724:    66656463    cdef    DCD    1717920867
        0x00000728:    00783040    @0x.    DCD    7876672
    Region$$Table$$Base
        0x0000072c:    0000074c    L...    DCD    1868
        0x00000730:    20000000    ...     DCD    536870912
        0x00000734:    00000004    ....    DCD    4
        0x00000738:    00000104    ....    DCD    260
        0x0000073c:    00000750    P...    DCD    1872
        0x00000740:    20000004    ...     DCD    536870916
        0x00000744:    00000464    d...    DCD    1124
        0x00000748:    00000120     ...    DCD    288
    Region$$Table$$Limit

** Section #2 'ER_RW' (SHT_PROGBITS) [SHF_ALLOC + SHF_WRITE]
    Size   : 4 bytes (alignment 4)
    Address: 0x20000000


** Section #3 'ER_ZI' (SHT_NOBITS) [SHF_ALLOC + SHF_WRITE]
    Size   : 1124 bytes (alignment 8)
    Address: 0x20000004


** Section #4 '.debug_abbrev' (SHT_PROGBITS)
    Size   : 1476 bytes


** Section #5 '.debug_frame' (SHT_PROGBITS)
    Size   : 1056 bytes


** Section #6 '.debug_info' (SHT_PROGBITS)
    Size   : 3004 bytes


** Section #7 '.debug_line' (SHT_PROGBITS)
    Size   : 864 bytes


** Section #8 '.debug_loc' (SHT_PROGBITS)
    Size   : 536 bytes


** Section #9 '.debug_macinfo' (SHT_PROGBITS)
    Size   : 2492 bytes


** Section #10 '.debug_pubnames' (SHT_PROGBITS)
    Size   : 313 bytes


** Section #11 '.symtab' (SHT_SYMTAB)
    Size   : 5200 bytes (alignment 4)
    String table #12 '.strtab'
    Last local symbol no. 194

    Symbol table .symtab (324 symbols, 194 local)

      #  Symbol Name                Value      Bind  Sec  Type  Vis  Size
    ========================================================================

      1  $d.realdata                0x00000000   Lc    1   --   De 
      2  $t                         0x000000c0   Lc    1   --   De 
      3  $d                         0x000000fc   Lc    1   --   De 
      4  $t                         0x00000104   Lc    1   --   De 
      5  $d                         0x000001c4   Lc    1   --   De 
      6  $t                         0x000001e4   Lc    1   --   De 
      7  $d                         0x00000258   Lc    1   --   De 
      8  $t                         0x00000260   Lc    1   --   De 
      9  $d                         0x00000286   Lc    1   --   De 
     10  $t                         0x0000028c   Lc    1   --   De 
     11  $d                         0x000002ae   Lc    1   --   De 
     12  $t                         0x000002c8   Lc    1   --   De 
     13  $d                         0x000002e2   Lc    1   --   De 
     14  $t                         0x000002e8   Lc    1   --   De 
     15  $d                         0x000002fc   Lc    1   --   De 
     16  $t                         0x00000300   Lc    1   --   De 
     17  $d                         0x000003ca   Lc    1   --   De 
     18  $t                         0x000003dc   Lc    1   --   De 
     19  $d                         0x00000430   Lc    1   --   De 
     20  $t                         0x00000434   Lc    1   --   De 
     21  $d                         0x0000065e   Lc    1   --   De 
     22  $t                         0x00000664   Lc    1   --   De 
     23  $d                         0x000006b6   Lc    1   --   De 
     24  $t                         0x000006bc   Lc    1   --   De 
     25  $d                         0x00000700   Lc    1   --   De 
     26  $d.realdata                0x00000704   Lc    1   --   De 
     27  $d.realdata                0x20000000   Lc    2   --   De 
     28  $d.realdata                0x20000004   Lc    3   --   De 
     29  ..\\..\\app\\div_test.c    0x00000000   Lc  Abs  File  De 
     30  ..\..\app\div_test.c       0x00000000   Lc  Abs  File  De 
     31  .text                      0x00000180   Lc    1  Sect  De 
     32  ..\\..\\core\\uart\\uart.c 0x00000000   Lc  Abs  File  De 
     33  ..\..\core\uart\uart.c     0x00000000   Lc  Abs  File  De 
     34  .text                      0x000001e4   Lc    1  Sect  De 
     35  ..\..\core\AMY\Retarget.c  0x00000000   Lc  Abs  File  De 
     36  .text                      0x00000260   Lc    1  Sect  De 
     37  .data                      0x20000000   Lc    2  Sect  De   0x4
     38  ..\\..\\core\\AMY\\system_AMY.c
                                    0x00000000   Lc  Abs  File  De 
     39  ..\..\core\AMY\system_AMY.c
                                    0x00000000   Lc  Abs  File  De 
     40  .text                      0x0000028c   Lc    1  Sect  De 
     41  ..\..\core\AMY\startup_AMY.s
                                    0x00000000   Lc  Abs  File  De 
     42  STACK                      0x20000268   Lc    3  Sect  De   0x200
     43  Stack_Mem                  0x20000268   Lc    3  Data  De   0x200
     44  __initial_sp               0x20000468   Lc    3  Data  De 
     45  HEAP                       0x20000068   Lc    3  Sect  De   0x200
     46  Heap_Mem                   0x20000068   Lc    3  Data  De   0x200
     47  RESET                      0x00000000   Lc    1  Sect  De   0xc0
     48  .ARM.__at_0x02FC           0x000002fc   Lc    1  Sect  De   0x4
     49  .text                      0x00000290   Lc    1  Sect  De   0x38
     50  dc.s                       0x00000000   Lc  Abs  File  De 
     51  ../../angel/sys.s          0x00000000   Lc  Abs  File  De 
     52  .text                      0x000002c8   Lc    1  Sect  De   0x2
     53  ../../printf.c             0x00000000   Lc  Abs  File  De 
     54  ../../printf.c             0x00000000   Lc  Abs  File  De 
     55  .text                      0x000002cc   Lc    1  Sect  De 
     56  ../../printf.c             0x00000000   Lc  Abs  File  De 
     57  .text                      0x00000300   Lc    1  Sect  De 
     58  ../../printf.c             0x00000000   Lc  Abs  File  De 
     59  .text                      0x00000370   Lc    1  Sect  De 
     60  ../../printf.c             0x00000000   Lc  Abs  File  De 
     61  ../../printf.c             0x00000000   Lc  Abs  File  De 
     62  .text                      0x000003dc   Lc    1  Sect  De 
     63  .constdata                 0x00000704   Lc    1  Sect  De   0x28
     64  uc_hextab                  0x00000704   Lc    1  Data  De   0x14
     65  lc_hextab                  0x00000718   Lc    1  Data  De   0x14
     66  ../../printf.c             0x00000000   Lc  Abs  File  De 
     67  ../../printf.c             0x00000000   Lc  Abs  File  De 
     68  ../../printf.c             0x00000000   Lc  Abs  File  De 
     69  ../../printf.c             0x00000000   Lc  Abs  File  De 
     70  ../../printf.c             0x00000000   Lc  Abs  File  De 
     71  ../../printf.c             0x00000000   Lc  Abs  File  De 
     72  ../../printf.c             0x00000000   Lc  Abs  File  De 
     73  ../../printf.c             0x00000000   Lc  Abs  File  De 
     74  ../../printf.c             0x00000000   Lc  Abs  File  De 
     75  ../../printf.c             0x00000000   Lc  Abs  File  De 
     76  ../../printf.c             0x00000000   Lc  Abs  File  De 
     77  ../../printf.c             0x00000000   Lc  Abs  File  De 
     78  ../../printf_percent.s     0x00000000   Lc  Abs  File  De 
     79  .ARM.Collect$$_printf_percent$$0000000C
                                    0x00000148   Lc    1  Sect  De   0xa
     80  ../../printf_percent.s     0x00000000   Lc  Abs  File  De 
     81  .ARM.Collect$$_printf_percent$$00000009
                                    0x0000013e   Lc    1  Sect  De   0xa
     82  ../../printf_percent.s     0x00000000   Lc  Abs  File  De 
     83  .ARM.Collect$$_printf_percent$$00000000
                                    0x0000013c   Lc    1  Sect  De   0x2
     84  ../../division.s           0x00000000   Lc  Abs  File  De 
     85  .text                      0x00000434   Lc    1  Sect  De   0x15a
     86  ../../division.s           0x00000000   Lc  Abs  File  De 
     87  ../../heapaux.c            0x00000000   Lc  Abs  File  De 
     88  .text                      0x000002e8   Lc    1  Sect  De 
     89  ../../angel/startup.s      0x00000000   Lc  Abs  File  De 
     90  !!!main                    0x000000c0   Lc    1  Sect  De   0x8
     91  ../../angel/kernel.s       0x00000000   Lc  Abs  File  De 
     92  .ARM.Collect$$rtentry$$00000000
                                    0x00000162   Lc    1  Sect  De 
     93  ../../angel/rt.s           0x00000000   Lc  Abs  File  De 
     94  ../../angel/rt.s           0x00000000   Lc  Abs  File  De 
     95  ../../printf.c             0x00000000   Lc  Abs  File  De 
     96  .text                      0x0000058e   Lc    1  Sect  De 
     97  ../../printf.c             0x00000000   Lc  Abs  File  De 
     98  .text                      0x0000063c   Lc    1  Sect  De 
     99  ../../printf_percent.s     0x00000000   Lc  Abs  File  De 
    100  .ARM.Collect$$_printf_percent$$00000017
                                    0x00000152   Lc    1  Sect  De   0x4
    101  ../../division.c           0x00000000   Lc  Abs  File  De 
    102  .text                      0x00000664   Lc    1  Sect  De 
    103  ../../angel/kernel.s       0x00000000   Lc  Abs  File  De 
    104  .ARM.Collect$$rtentry$$00000002
                                    0x00000162   Lc    1  Sect  De 
    105  .ARM.Collect$$rtentry$$00000009
                                    0x00000168   Lc    1  Sect  De 
    106  .ARM.Collect$$rtentry$$0000000A
                                    0x00000168   Lc    1  Sect  De   0x4
    107  .ARM.Collect$$rtentry$$0000000C
                                    0x0000016c   Lc    1  Sect  De 
    108  .ARM.Collect$$rtentry$$0000000D
                                    0x0000016c   Lc    1  Sect  De   0x8
    109  ../../angel/kernel.s       0x00000000   Lc  Abs  File  De 
    110  .ARM.Collect$$rtentry$$00000004
                                    0x00000162   Lc    1  Sect  De   0x6
    111  ../../angel/rt.s           0x00000000   Lc  Abs  File  De 
    112  ../../printf.c             0x00000000   Lc  Abs  File  De 
    113  .text                      0x0000068c   Lc    1  Sect  De 
    114  _printf_input_char         0x0000068d   Lc    1  Code  De   0xa
    115  ../../angel/sys.s          0x00000000   Lc  Abs  File  De 
    116  .text                      0x000006bc   Lc    1  Sect  De   0x3e
    117  ../../printf.c             0x00000000   Lc  Abs  File  De 
    118  ../../stdlib.c             0x00000000   Lc  Abs  File  De 
    119  .text                      0x000002ee   Lc    1  Sect  De 
    120  ../../signal.c             0x00000000   Lc  Abs  File  De 
    121  ../../signal.c             0x00000000   Lc  Abs  File  De 
    122  ../../angel/boardlib.s     0x00000000   Lc  Abs  File  De 
    123  ../../angel/boardlib.s     0x00000000   Lc  Abs  File  De 
    124  ../../angel/boardlib.s     0x00000000   Lc  Abs  File  De 
    125  ../../libinit.s            0x00000000   Lc  Abs  File  De 
    126  .ARM.Collect$$libinit$$00000000
                                    0x00000156   Lc    1  Sect  De   0x6
    127  ../../angel/sys.s          0x00000000   Lc  Abs  File  De 
    128  .text                      0x000006fc   Lc    1  Sect  De   0x8
    129  .bss                       0x20000004   Lc    3  Sect  De   0x60
    130  ../../angel/sys.s          0x00000000   Lc  Abs  File  De 
    131  ../../angel/kernel.s       0x00000000   Lc  Abs  File  De 
    132  .ARM.Collect$$rtexit$$00000000
                                    0x00000174   Lc    1  Sect  De   0x2
    133  ../../angel/rt.s           0x00000000   Lc  Abs  File  De 
    134  ../../signal.c             0x00000000   Lc  Abs  File  De 
    135  ../../signal.c             0x00000000   Lc  Abs  File  De 
    136  ../../libinit.s            0x00000000   Lc  Abs  File  De 
    137  .ARM.Collect$$libinit$$00000006
                                    0x0000015c   Lc    1  Sect  De 
    138  .ARM.Collect$$libinit$$00000008
                                    0x0000015c   Lc    1  Sect  De 
    139  .ARM.Collect$$libinit$$0000000A
                                    0x0000015c   Lc    1  Sect  De 
    140  .ARM.Collect$$libinit$$0000000D
                                    0x0000015c   Lc    1  Sect  De 
    141  .ARM.Collect$$libinit$$0000000F
                                    0x0000015c   Lc    1  Sect  De 
    142  .ARM.Collect$$libinit$$00000011
                                    0x0000015c   Lc    1  Sect  De 
    143  .ARM.Collect$$libinit$$00000013
                                    0x0000015c   Lc    1  Sect  De 
    144  .ARM.Collect$$libinit$$00000015
                                    0x0000015c   Lc    1  Sect  De 
    145  .ARM.Collect$$libinit$$00000017
                                    0x0000015c   Lc    1  Sect  De 
    146  .ARM.Collect$$libinit$$00000019
                                    0x0000015c   Lc    1  Sect  De 
    147  .ARM.Collect$$libinit$$0000001B
                                    0x0000015c   Lc    1  Sect  De 
    148  .ARM.Collect$$libinit$$0000001D
                                    0x0000015c   Lc    1  Sect  De 
    149  .ARM.Collect$$libinit$$0000001F
                                    0x0000015c   Lc    1  Sect  De 
    150  .ARM.Collect$$libinit$$00000021
                                    0x0000015c   Lc    1  Sect  De 
    151  .ARM.Collect$$libinit$$00000028
                                    0x0000015c   Lc    1  Sect  De 
    152  .ARM.Collect$$libinit$$0000002A
                                    0x0000015c   Lc    1  Sect  De 
    153  .ARM.Collect$$libinit$$0000002C
                                    0x0000015c   Lc    1  Sect  De 
    154  .ARM.Collect$$libinit$$0000002E
                                    0x0000015c   Lc    1  Sect  De 
    155  .ARM.Collect$$libinit$$0000002F
                                    0x0000015c   Lc    1  Sect  De   0x2
    156  ../../cfplib/fpinit.c      0x00000000   Lc  Abs  File  De 
    157  ../../angel/kernel.s       0x00000000   Lc  Abs  File  De 
    158  .ARM.Collect$$rtexit$$00000002
                                    0x00000176   Lc    1  Sect  De 
    159  .ARM.Collect$$rtexit$$00000003
                                    0x00000176   Lc    1  Sect  De   0x4
    160  .ARM.Collect$$rtexit$$00000004
                                    0x0000017a   Lc    1  Sect  De   0x6
    161  ../../signal.c             0x00000000   Lc  Abs  File  De 
    162  ../../signal.c             0x00000000   Lc  Abs  File  De 
    163  ../../armsys.c             0x00000000   Lc  Abs  File  De 
    164  ../../signal.s             0x00000000   Lc  Abs  File  De 
    165  ../../angel/boardlib.s     0x00000000   Lc  Abs  File  De 
    166  ../../armsys.c             0x00000000   Lc  Abs  File  De 
    167  ../../armsys.c             0x00000000   Lc  Abs  File  De 
    168  ../../libinit.s            0x00000000   Lc  Abs  File  De 
    169  .ARM.Collect$$libshutdown$$00000000
                                    0x0000015e   Lc    1  Sect  De   0x2
    170  ../../angel/sysapp.c       0x00000000   Lc  Abs  File  De 
    171  ../../heapalloc.c          0x00000000   Lc  Abs  File  De 
    172  ../../signal.c             0x00000000   Lc  Abs  File  De 
    173  ../../signal.c             0x00000000   Lc  Abs  File  De 
    174  ../../signal.c             0x00000000   Lc  Abs  File  De 
    175  ../../signal.c             0x00000000   Lc  Abs  File  De 
    176  ../../signal.c             0x00000000   Lc  Abs  File  De 
    177  ../../signal.c             0x00000000   Lc  Abs  File  De 
    178  ../../signal.c             0x00000000   Lc  Abs  File  De 
    179  ../../signal.c             0x00000000   Lc  Abs  File  De 
    180  ../../signal.c             0x00000000   Lc  Abs  File  De 
    181  ../../signal.c             0x00000000   Lc  Abs  File  De 
    182  ../../libinit.s            0x00000000   Lc  Abs  File  De 
    183  .ARM.Collect$$libshutdown$$00000003
                                    0x00000160   Lc    1  Sect  De 
    184  .ARM.Collect$$libshutdown$$00000006
                                    0x00000160   Lc    1  Sect  De 
    185  .ARM.Collect$$libshutdown$$00000009
                                    0x00000160   Lc    1  Sect  De 
    186  .ARM.Collect$$libshutdown$$0000000B
                                    0x00000160   Lc    1  Sect  De 
    187  .ARM.Collect$$libshutdown$$0000000E
                                    0x00000160   Lc    1  Sect  De 
    188  .ARM.Collect$$libshutdown$$0000000F
                                    0x00000160   Lc    1  Sect  De   0x2
    189  ../../angel/scatterp.s     0x00000000   Lc  Abs  File  De 
    190  !!!scatter                 0x000000c8   Lc    1  Sect  De   0x3c
    191  ../../angel/handlers.s     0x00000000   Lc  Abs  File  De 
    192  !!handler_copy             0x00000104   Lc    1  Sect  De   0x1a
    193  ../../angel/handlers.s     0x00000000   Lc  Abs  File  De 
    194  !!handler_zi               0x00000120   Lc    1  Sect  De   0x1c
    195  BuildAttributes$$THM_ISAv3M$S$PE$A:L22$X:L11$S22$IEEE1$IW$USESV6$~STKCKD$USESV7$~SHL$OSPACE$ROPI$EBA8$UX$STANDARDLIB$REQ8$PRES8$EABIv2
                                    0x00000000   Gb  Abs   --   Hi 
    196  __ARM_use_no_argv          0x00000000   Gb  Abs   --   Hi 
    197  __Vectors                  0x00000000   Gb    1  Data  Hi   0x4
    198  __Vectors_End              0x000000c0   Gb    1  Data  Hi 
    199  __Vectors_Size             0x000000c0   Gb  Abs   --   Hi 
    200  __main                     0x000000c1   Gb    1  Code  Hi   0x8
    201  __scatterload              0x000000c9   Gb    1  Code  Hi 
    202  __scatterload_rt2          0x000000c9   Gb    1  Code  Hi   0x34
    203  __scatterload_rt2_thumb_only
                                    0x000000c9   Gb    1  Code  Hi 
    204  __scatterload_null         0x000000d9   Gb    1  Code  Hi 
    205  __scatterload_copy         0x00000105   Gb    1  Code  Hi   0x1a
    206  __scatterload_zeroinit     0x00000121   Gb    1  Code  Hi   0x1c
    207  _printf_percent            0x0000013d   Gb    1  Code  Hi 
    208  _printf_d                  0x0000013f   Gb    1  Code  Hi 
    209  _printf_x                  0x00000149   Gb    1  Code  Hi 
    210  _printf_percent_end        0x00000153   Gb    1  Code  De 
    211  __rt_lib_init              0x00000157   Gb    1  Code  De 
    212  __rt_lib_init_alloca_1     0x0000015d   Gb    1  Code  Hi 
    213  __rt_lib_init_argv_1       0x0000015d   Gb    1  Code  Hi 
    214  __rt_lib_init_atexit_1     0x0000015d   Gb    1  Code  Hi 
    215  __rt_lib_init_clock_1      0x0000015d   Gb    1  Code  Hi 
    216  __rt_lib_init_cpp_1        0x0000015d   Gb    1  Code  Hi 
    217  __rt_lib_init_exceptions_1 0x0000015d   Gb    1  Code  Hi 
    218  __rt_lib_init_fp_trap_1    0x0000015d   Gb    1  Code  Hi 
    219  __rt_lib_init_getenv_1     0x0000015d   Gb    1  Code  Hi 
    220  __rt_lib_init_heap_1       0x0000015d   Gb    1  Code  Hi 
    221  __rt_lib_init_lc_collate_1 0x0000015d   Gb    1  Code  Hi 
    222  __rt_lib_init_lc_ctype_1   0x0000015d   Gb    1  Code  Hi 
    223  __rt_lib_init_lc_monetary_1
                                    0x0000015d   Gb    1  Code  Hi 
    224  __rt_lib_init_lc_numeric_1 0x0000015d   Gb    1  Code  Hi 
    225  __rt_lib_init_lc_time_1    0x0000015d   Gb    1  Code  Hi 
    226  __rt_lib_init_rand_1       0x0000015d   Gb    1  Code  Hi 
    227  __rt_lib_init_return       0x0000015d   Gb    1  Code  Hi 
    228  __rt_lib_init_signal_1     0x0000015d   Gb    1  Code  Hi 
    229  __rt_lib_init_stdio_1      0x0000015d   Gb    1  Code  Hi 
    230  __rt_lib_init_user_alloc_1 0x0000015d   Gb    1  Code  Hi 
    231  __rt_lib_shutdown          0x0000015f   Gb    1  Code  De 
    232  __rt_lib_shutdown_fp_trap_1
                                    0x00000161   Gb    1  Code  Hi 
    233  __rt_lib_shutdown_heap_1   0x00000161   Gb    1  Code  Hi 
    234  __rt_lib_shutdown_return   0x00000161   Gb    1  Code  Hi 
    235  __rt_lib_shutdown_signal_1 0x00000161   Gb    1  Code  Hi 
    236  __rt_lib_shutdown_stdio_1  0x00000161   Gb    1  Code  Hi 
    237  __rt_lib_shutdown_user_alloc_1
                                    0x00000161   Gb    1  Code  Hi 
    238  __rt_entry                 0x00000163   Gb    1  Code  Hi 
    239  __rt_entry_presh_1         0x00000163   Gb    1  Code  Hi 
    240  __rt_entry_sh              0x00000163   Gb    1  Code  Hi 
    241  __rt_entry_li              0x00000169   Gb    1  Code  Hi 
    242  __rt_entry_postsh_1        0x00000169   Gb    1  Code  Hi 
    243  __rt_entry_main            0x0000016d   Gb    1  Code  Hi 
    244  __rt_entry_postli_1        0x0000016d   Gb    1  Code  Hi 
    245  __rt_exit                  0x00000175   Gb    1  Code  De 
    246  __rt_exit_ls               0x00000177   Gb    1  Code  Hi 
    247  __rt_exit_prels_1          0x00000177   Gb    1  Code  Hi 
    248  __rt_exit_exit             0x0000017b   Gb    1  Code  Hi 
    249  main                       0x00000181   Gb    1  Code  Hi   0x44
    250  uartInit                   0x000001e5   Gb    1  Code  Hi   0x38
    251  uartSendByte               0x0000021d   Gb    1  Code  Hi   0x26
    252  puts                       0x00000243   Gb    1  Code  Hi   0x16
    253  fputc                      0x00000261   Gb    1  Code  Hi   0x10
    254  ferror                     0x00000271   Gb    1  Code  Hi   0x6
    255  _ttywrch                   0x00000277   Gb    1  Code  Hi   0xc
    256  _sys_exit                  0x00000283   Gb    1  Code  Hi   0x4
    257  SystemInit                 0x0000028d   Gb    1  Code  Hi   0x2
    258  Reset_Handler              0x00000291   Wk    1  Code  Hi   0x8
    259  NMI_Handler                0x00000299   Wk    1  Code  Hi   0x2
    260  HardFault_Handler          0x0000029b   Wk    1  Code  Hi   0x2
    261  SVC_Handler                0x0000029d   Wk    1  Code  Hi   0x2
    262  PendSV_Handler             0x0000029f   Wk    1  Code  Hi   0x2
    263  SysTick_Handler            0x000002a1   Wk    1  Code  Hi   0x2
    264  APBKEY_IRQHandler          0x000002a3   Wk    1  Code  Hi 
    265  GPIO_IRQHandler            0x000002a3   Wk    1  Code  Hi 
    266  IIC_IRQHandler             0x000002a3   Wk    1  Code  Hi 
    267  PWM_IRQHandler             0x000002a3   Wk    1  Code  Hi 
    268  RSV0_IRQHandler            0x000002a3   Wk    1  Code  Hi 
    269  RSV10_IRQHandler           0x000002a3   Wk    1  Code  Hi 
    270  RSV11_IRQHandler           0x000002a3   Wk    1  Code  Hi 
    271  RSV12_IRQHandler           0x000002a3   Wk    1  Code  Hi 
    272  RSV13_IRQHandler           0x000002a3   Wk    1  Code  Hi 
    273  RSV14_IRQHandler           0x000002a3   Wk    1  Code  Hi 
    274  RSV15_IRQHandler           0x000002a3   Wk    1  Code  Hi 
    275  RSV16_IRQHandler           0x000002a3   Wk    1  Code  Hi 
    276  RSV17_IRQHandler           0x000002a3   Wk    1  Code  Hi 
    277  RSV18_IRQHandler           0x000002a3   Wk    1  Code  Hi 
    278  RSV19_IRQHandler           0x000002a3   Wk    1  Code  Hi 
    279  RSV1_IRQHandler            0x000002a3   Wk    1  Code  Hi 
    280  RSV20_IRQHandler           0x000002a3   Wk    1  Code  Hi 
    281  RSV21_IRQHandler           0x000002a3   Wk    1  Code  Hi 
    282  RSV22_IRQHandler           0x000002a3   Wk    1  Code  Hi 
    283  RSV23_IRQHandler           0x000002a3   Wk    1  Code  Hi 
    284  RSV24_IRQHandler           0x000002a3   Wk    1  Code  Hi 
    285  RSV2_IRQHandler            0x000002a3   Wk    1  Code  Hi 
    286  RSV3_IRQHandler            0x000002a3   Wk    1  Code  Hi 
    287  RSV4_IRQHandler            0x000002a3   Wk    1  Code  Hi 
    288  RSV5_IRQHandler            0x000002a3   Wk    1  Code  Hi 
    289  RSV6_IRQHandler            0x000002a3   Wk    1  Code  Hi 
    290  RSV7_IRQHandler            0x000002a3   Wk    1  Code  Hi 
    291  RSV8_IRQHandler            0x000002a3   Wk    1  Code  Hi 
    292  RSV9_IRQHandler            0x000002a3   Wk    1  Code  Hi 
    293  STN_IRQHandler             0x000002a3   Wk    1  Code  Hi 
    294  UART0_IRQHandler           0x000002a3   Wk    1  Code  Hi 
    295  UART1_IRQHandler           0x000002a3   Wk    1  Code  Hi 
    296  __user_initial_stackheap   0x000002a5   Gb    1  Code  Hi 
    297  __I$use$semihosting        0x000002c9   Gb    1  Code  Hi 
    298  __use_no_semihosting_swi   0x000002c9   Gb    1  Code  Hi   0x2
    299  __2printf                  0x000002cd   Gb    1  Code  Hi   0x16
    300  __use_two_region_memory    0x000002e9   Gb    1  Code  Hi   0x2
    301  __rt_heap_escrow$2region   0x000002eb   Gb    1  Code  De   0x2
    302  __rt_heap_expand$2region   0x000002ed   Gb    1  Code  De   0x2
    303  exit                       0x000002ef   Gb    1  Code  De   0xc
    304  __printf                   0x00000301   Gb    1  Code  De   0x6e
    305  _printf_int_dec            0x00000371   Gb    1  Code  Hi   0x5a
    306  _printf_int_hex            0x000003dd   Gb    1  Code  De   0x54
    307  _printf_longlong_hex       0x000003dd   Gb    1  Code  Hi 
    308  __aeabi_uidiv              0x00000435   Gb    1  Code  De 
    309  __aeabi_uidivmod           0x00000435   Gb    1  Code  De   0x14
    310  __aeabi_idiv               0x00000449   Gb    1  Code  De 
    311  __aeabi_idivmod            0x00000449   Gb    1  Code  Hi   0x146
    312  _printf_int_common         0x0000058f   Gb    1  Code  De   0xac
    313  _printf_char_file          0x0000063d   Gb    1  Code  De   0x22
    314  __rt_udiv10                0x00000665   Gb    1  Code  De   0x28
    315  _printf_char_common        0x00000697   Gb    1  Code  De   0x20
    316  __user_setup_stackheap     0x000006bd   Gb    1  Code  De   0x3e
    317  __user_libspace            0x000006fd   Wk    1  Code  De   0x8
    318  __user_perproc_libspace    0x000006fd   Wk    1  Code  De 
    319  __user_perthread_libspace  0x000006fd   Wk    1  Code  De 
    320  Region$$Table$$Base        0x0000072c   Gb    1   --   Hi 
    321  Region$$Table$$Limit       0x0000074c   Gb    1   --   Hi 
    322  __stdout                   0x20000000   Gb    2  Data  Hi   0x4
    323  __libspace_start           0x20000004   Gb    3  Data  De   0x60
    324  __temporary_stack_top$libspace
                                    0x20000064   Gb    3  Data  De 


** Section #12 '.strtab' (SHT_STRTAB)
    Size   : 4604 bytes


** Section #13 '.note' (SHT_NOTE)
    Size   : 28 bytes (alignment 4)


** Section #14 '.comment' (SHT_PROGBITS)
    Size   : 2824 bytes


** Section #15 '.shstrtab' (SHT_STRTAB)
    Size   : 156 bytes


